<html>
<body>
<pre>
<h1>µVision Build Log</h1>
<h2>Tool Versions:</h2>
IDE-Version: ¦ÌVision V5.41.0.0
Copyright (C) 2024 ARM Ltd and ARM Germany GmbH. All rights reserved.
License Information: 1 lhq, 1, LIC=21E4T-RE76P-FW12N-Y1A0H-7GG90-FH7NN
 
Tool Versions:
Toolchain:       MDK-ARM Plus  Version: 5.41.0.0
Toolchain Path:  C:\Keil_v5\ARM\ARMCC\Bin
C Compiler:      Armcc.exe V5.06 update 7 (build 960)
Assembler:       Armasm.exe V5.06 update 7 (build 960)
Linker/Locator:  ArmLink.exe V5.06 update 7 (build 960)
Library Manager: ArmAr.exe V5.06 update 7 (build 960)
Hex Converter:   FromElf.exe V5.06 update 7 (build 960)
CPU DLL:         SARMCM3.DLL V5.41.0.0
Dialog DLL:      DCM.DLL V1.17.5.0
Target DLL:      STLink\ST-LINKIII-KEIL_SWO.dll V3.3.0.0
Dialog DLL:      TCM.DLL V1.56.4.0
 
<h2>Project:</h2>
C:\Users\lhq\Desktop\train\myproject\MDK-ARM\myproject.uvprojx
Project File Date:  10/12/2025

<h2>Output:</h2>
*** Using Compiler 'V5.06 update 7 (build 960)', folder: 'C:\Keil_v5\ARM\ARMCC\Bin'
Build target 'myproject'
compiling usart_app.c...
../Compoents/WouoUI-Page/WouoUI_page.h(145): warning:  #1215-D: #warning directive: "The sum of TITLE Macro Height large than BUFF Height"
  #warning "The sum of TITLE Macro Height large than BUFF Height"
../Compoents/WouoUI-Page/WouoUI_page.h(150): warning:  #1215-D: #warning directive: "The Indicator large than the size of icon "
  #warning "The Indicator large than the size of icon "
../Compoents/WouoUI-Page/WouoUI_win.h(21): warning:  #1215-D: #warning directive: "the MSG_WIN_V_S_MIN is too large"
  #warning "the MSG_WIN_V_S_MIN is too large"
../Compoents/WouoUI-Page/WouoUI_win.h(102): warning:  #1215-D: #warning directive: "the CONF_WIN_V_S_MIN is too large"
  #warning "the CONF_WIN_V_S_MIN is too large"
../Compoents/flash/lfs_port.h(22): warning:  #1-D: last line of file ends without a newline
  #endif // LFS_PORT_H
..\APP\usart_app.c: 5 warnings, 0 errors
linking...
Program Size: Code=55976 RO-data=177768 RW-data=380 ZI-data=23116  
FromELF: creating hex file...
"myproject\myproject.axf" - 0 Error(s), 5 Warning(s).

<h2>Software Packages used:</h2>

Package Vendor: ARM
                https://www.keil.com/pack/ARM.CMSIS.6.1.0.pack
                ARM::CMSIS@6.1.0
                CMSIS (Common Microcontroller Software Interface Standard)
   * Component: CORE Version: 6.1.0

Package Vendor: GigaDevice
                https://gd32mcu.com/data/documents/pack/GigaDevice.GD32F4xx_DFP.3.0.3.pack
                GigaDevice::GD32F4xx_DFP@3.0.3
                GigaDevice GD32F4xx Series Device Support and Examples

<h2>Collection of Component include folders:</h2>
  ./RTE/_myproject
  C:/Keil_v5/ARM/CMSIS/6.1.0/CMSIS/Core/Include
  C:/Keil_v5/GigaDevice/GD32F4xx_DFP/3.0.3/Device/F4XX/Include

<h2>Collection of Component Files used:</h2>

   * Component: ARM::CMSIS:CORE@6.1.0
Build Time Elapsed:  00:00:03
</pre>
</body>
</html>
