<html>
<body>
<pre>
<h1>礦ision Build Log</h1>
<h2>Tool Versions:</h2>
IDE-Version: μVision V5.41.0.0
Copyright (C) 2024 ARM Ltd and ARM Germany GmbH. All rights reserved.
License Information: 1 lhq, 1, LIC=21E4T-RE76P-FW12N-Y1A0H-7GG90-FH7NN
 
Tool Versions:
Toolchain:       MDK-ARM Plus  Version: 5.41.0.0
Toolchain Path:  C:\Keil_v5\ARM\ARMCC\Bin
C Compiler:      Armcc.exe V5.06 update 7 (build 960)
Assembler:       Armasm.exe V5.06 update 7 (build 960)
Linker/Locator:  ArmLink.exe V5.06 update 7 (build 960)
Library Manager: ArmAr.exe V5.06 update 7 (build 960)
Hex Converter:   FromElf.exe V5.06 update 7 (build 960)
CPU DLL:         SARMCM3.DLL V5.41.0.0
Dialog DLL:      DCM.DLL V1.17.5.0
Target DLL:      CMSIS_AGDI.dll V1.33.21.0
Dialog DLL:      TCM.DLL V1.56.4.0
 
<h2>Project:</h2>
D:\Users\lhq\Downloads\2023E（ZDT 米醋电控板）\2025template (2)\MDK-ARM\2025template.uvprojx
Project File Date:  07/23/2025

<h2>Output:</h2>
*** Using Compiler 'V5.06 update 7 (build 960)', folder: 'C:\Keil_v5\ARM\ARMCC\Bin'
Build target '2025template'
assembling startup_stm32f407xx.s...
compiling stm32f4xx_hal_i2c_ex.c...
compiling stm32f4xx_hal_rcc_ex.c...
compiling dma.c...
compiling gpio.c...
compiling stm32f4xx_hal_flash_ex.c...
compiling tim.c...
compiling i2c.c...
compiling stm32f4xx_hal_flash.c...
compiling stm32f4xx_hal_flash_ramfunc.c...
compiling stm32f4xx_hal_msp.c...
compiling stm32f4xx_it.c...
compiling main.c...
compiling stm32f4xx_hal_rcc.c...
compiling usart.c...
compiling stm32f4xx_hal_i2c.c...
compiling ringbuffer.c...
compiling stm32f4xx_hal_gpio.c...
compiling stm32f4xx_hal_exti.c...
compiling stm32f4xx_hal_pwr_ex.c...
compiling system_stm32f4xx.c...
compiling stm32f4xx_hal_cortex.c...
compiling oled.c...
compiling stm32f4xx_hal_pwr.c...
compiling stm32f4xx_hal_dma.c...
compiling stm32f4xx_hal.c...
compiling stm32f4xx_hal_tim_ex.c...
compiling stm32f4xx_hal_dma_ex.c...
compiling schedule.c...
compiling oled_bsp.c...
..\bsp\oled_bsp.c(28): warning:  #167-D: argument of type "uint8_t *" is incompatible with parameter of type "char *"
  	OLED_ShowStr(x, y * 8, (uint8_t*)buffer, 8); // 将 buffer 转为 uint8_t*
..\bsp\oled_bsp.c: 1 warning, 0 errors
compiling stm32f4xx_hal_uart.c...
compiling motor_driver.c...
compiling stm32f4xx_hal_tim.c...
compiling key_bsp.c...
compiling hwt101_bsp.c...
compiling encoder_bsp.c...
compiling motor_bsp.c...
compiling hwt101_driver.c...
compiling step_motor_bsp.c...
compiling gray_bsp.c...
compiling uart_bsp.c...
compiling encoder_drv.c...
compiling pi_bsp.c...
compiling mypid.c...
compiling Emm_V5.c...
compiling hardware_iic.c...
compiling motor_driver_tb6612.c...
linking...
Program Size: Code=25208 RO-data=1148 RW-data=120 ZI-data=3960  
FromELF: creating hex file...
"2025template\2025template.axf" - 0 Error(s), 1 Warning(s).

<h2>Software Packages used:</h2>

Package Vendor: Keil
                https://www.keil.com/pack/Keil.STM32F4xx_DFP.3.0.0.pack
                Keil::STM32F4xx_DFP@3.0.0
                STMicroelectronics STM32F4 Series Device Support

<h2>Collection of Component include folders:</h2>

<h2>Collection of Component Files used:</h2>
Build Time Elapsed:  00:00:23
</pre>
</body>
</html>
